Configuration on demand is an incubating feature.
Type-safe project accessors is an incubating feature.
> Task :buildSrc:checkKotlinGradlePluginConfigurationErrors SKIPPED
> Task :buildSrc:generateExternalPluginSpecBuilders UP-TO-DATE
> Task :buildSrc:extractPrecompiledScriptPluginPlugins UP-TO-DATE
> Task :buildSrc:compilePluginsBlocks UP-TO-DATE
> Task :buildSrc:generatePrecompiledScriptPluginAccessors UP-TO-DATE
> Task :buildSrc:generateScriptPluginAdapters UP-TO-DATE
> Task :buildSrc:compileKotlin UP-TO-DATE
> Task :buildSrc:compileJava NO-SOURCE
> Task :buildSrc:compileGroovy NO-SOURCE
> Task :buildSrc:pluginDescriptors UP-TO-DATE
> Task :buildSrc:processResources UP-TO-DATE
> Task :buildSrc:classes UP-TO-DATE
> Task :buildSrc:jar UP-TO-DATE
> Task :macrobenchmark:spotlessKotlin UP-TO-DATE
> Task :macrobenchmark:spotlessKotlinCheck UP-TO-DATE
> Task :macrobenchmark:spotlessXml UP-TO-DATE
> Task :macrobenchmark:spotlessXmlCheck UP-TO-DATE
> Task :macrobenchmark:spotlessCheck UP-TO-DATE
> Task :core:archive:spotlessKotlin UP-TO-DATE
> Task :core:archive:spotlessKotlinCheck UP-TO-DATE
> Task :core:archive:spotlessXml UP-TO-DATE
> Task :core:archive:spotlessXmlCheck UP-TO-DATE
> Task :core:archive:spotlessCheck UP-TO-DATE
> Task :telemetry:spotlessKotlin UP-TO-DATE
> Task :telemetry:spotlessKotlinCheck UP-TO-DATE
> Task :presentation-theme:spotlessKotlin UP-TO-DATE
> Task :presentation-theme:spotlessKotlinCheck UP-TO-DATE
> Task :core-metadata:spotlessKotlin UP-TO-DATE
> Task :core-metadata:spotlessKotlinCheck UP-TO-DATE
> Task :source-local:spotlessKotlin UP-TO-DATE
> Task :source-local:spotlessKotlinCheck UP-TO-DATE
> Task :presentation-sync:spotlessKotlin UP-TO-DATE
> Task :presentation-sync:spotlessKotlinCheck UP-TO-DATE
> Task :presentation-core:spotlessKotlin UP-TO-DATE
> Task :presentation-core:spotlessKotlinCheck UP-TO-DATE
> Task :presentation-widget:spotlessKotlin UP-TO-DATE
> Task :presentation-widget:spotlessKotlinCheck UP-TO-DATE
> Task :source-api:spotlessKotlin UP-TO-DATE
> Task :source-api:spotlessKotlinCheck UP-TO-DATE
> Task :core:common:spotlessKotlin UP-TO-DATE
> Task :core:common:spotlessKotlinCheck UP-TO-DATE
> Task :telemetry:spotlessXml UP-TO-DATE
> Task :telemetry:spotlessXmlCheck UP-TO-DATE
> Task :telemetry:spotlessCheck UP-TO-DATE
> Task :i18n:spotlessKotlin UP-TO-DATE
> Task :i18n:spotlessKotlinCheck UP-TO-DATE
> Task :presentation-theme:spotlessXml UP-TO-DATE
> Task :presentation-theme:spotlessXmlCheck UP-TO-DATE
> Task :presentation-theme:spotlessCheck UP-TO-DATE
> Task :core-metadata:spotlessXml UP-TO-DATE
> Task :core-metadata:spotlessXmlCheck UP-TO-DATE
> Task :core-metadata:spotlessCheck UP-TO-DATE
> Task :source-local:spotlessXml UP-TO-DATE
> Task :source-local:spotlessXmlCheck UP-TO-DATE
> Task :source-local:spotlessCheck UP-TO-DATE
> Task :data:spotlessKotlin UP-TO-DATE
> Task :data:spotlessKotlinCheck UP-TO-DATE
> Task :presentation-sync:spotlessXml UP-TO-DATE
> Task :presentation-sync:spotlessXmlCheck UP-TO-DATE
> Task :presentation-sync:spotlessCheck UP-TO-DATE
> Task :presentation-core:spotlessXml UP-TO-DATE
> Task :presentation-core:spotlessXmlCheck UP-TO-DATE
> Task :presentation-core:spotlessCheck UP-TO-DATE
> Task :presentation-widget:spotlessXml UP-TO-DATE
> Task :presentation-widget:spotlessXmlCheck UP-TO-DATE
> Task :presentation-widget:spotlessCheck UP-TO-DATE
> Task :source-api:spotlessXml UP-TO-DATE
> Task :source-api:spotlessXmlCheck UP-TO-DATE
> Task :source-api:spotlessCheck UP-TO-DATE
> Task :core:common:spotlessXml UP-TO-DATE
> Task :core:common:spotlessXmlCheck UP-TO-DATE
> Task :core:common:spotlessCheck UP-TO-DATE
> Task :i18n:spotlessXml UP-TO-DATE
> Task :i18n:spotlessXmlCheck UP-TO-DATE
> Task :i18n:spotlessCheck UP-TO-DATE
> Task :domain:spotlessKotlin UP-TO-DATE
> Task :domain:spotlessKotlinCheck UP-TO-DATE
> Task :data:spotlessXml UP-TO-DATE
> Task :data:spotlessXmlCheck UP-TO-DATE
> Task :data:spotlessCheck UP-TO-DATE
> Task :domain:spotlessXml UP-TO-DATE
> Task :domain:spotlessXmlCheck UP-TO-DATE
> Task :domain:spotlessCheck UP-TO-DATE
> Task :app:spotlessKotlin
> Task :app:spotlessKotlinCheck
> Task :app:spotlessXml UP-TO-DATE
> Task :app:spotlessXmlCheck UP-TO-DATE
> Task :app:spotlessCheck

BUILD SUCCESSFUL in 28s
69 actionable tasks: 2 executed, 67 up-to-date
