Configuration on demand is an incubating feature.
Type-safe project accessors is an incubating feature.
> Task :buildSrc:checkKotlinGradlePluginConfigurationErrors SKIPPED
> Task :buildSrc:generateExternalPluginSpecBuilders UP-TO-DATE
> Task :buildSrc:extractPrecompiledScriptPluginPlugins UP-TO-DATE
> Task :buildSrc:compilePluginsBlocks UP-TO-DATE
> Task :buildSrc:generatePrecompiledScriptPluginAccessors UP-TO-DATE
> Task :buildSrc:generateScriptPluginAdapters UP-TO-DATE
> Task :buildSrc:compileKotlin UP-TO-DATE
> Task :buildSrc:compileJava NO-SOURCE
> Task :buildSrc:compileGroovy NO-SOURCE
> Task :buildSrc:pluginDescriptors UP-TO-DATE
> Task :buildSrc:processResources UP-TO-DATE
> Task :buildSrc:classes UP-TO-DATE
> Task :buildSrc:jar UP-TO-DATE
> Task :data:kmpPartiallyResolvedDependenciesChecker
> Task :source-api:kmpPartiallyResolvedDependenciesChecker
> Task :i18n:kmpPartiallyResolvedDependenciesChecker
> Task :core:common:kmpPartiallyResolvedDependenciesChecker
> Task :domain:kmpPartiallyResolvedDependenciesChecker
> Task :source-api:checkKotlinGradlePluginConfigurationErrors SKIPPED
> Task :data:checkKotlinGradlePluginConfigurationErrors SKIPPED
> Task :i18n:checkKotlinGradlePluginConfigurationErrors SKIPPED
> Task :core:common:checkKotlinGradlePluginConfigurationErrors SKIPPED
> Task :domain:checkKotlinGradlePluginConfigurationErrors SKIPPED
> Task :domain:jvmProcessResources NO-SOURCE
> Task :core:common:jvmProcessResources NO-SOURCE
> Task :domain:processJvmMainResources SKIPPED
> Task :core:common:processJvmMainResources SKIPPED
> Task :source-api:jvmProcessResources NO-SOURCE
> Task :i18n:generateMRcommonMain UP-TO-DATE
> Task :source-api:processJvmMainResources SKIPPED
> Task :i18n:generateMRjvmMain UP-TO-DATE
> Task :data:generateCommonMainDatabaseInterface UP-TO-DATE
> Task :data:jvmProcessResources NO-SOURCE
> Task :data:processJvmMainResources SKIPPED
> Task :data:jvmTestProcessResources UP-TO-DATE
> Task :data:processJvmTestResources SKIPPED
> Task :i18n:compileKotlinJvm UP-TO-DATE
> Task :i18n:compileJvmMainJava NO-SOURCE
> Task :i18n:jvmProcessResources UP-TO-DATE
> Task :i18n:processJvmMainResources SKIPPED
> Task :i18n:jvmMainClasses UP-TO-DATE
> Task :i18n:jvmJar UP-TO-DATE
> Task :core:common:compileKotlinJvm UP-TO-DATE
> Task :core:common:compileJvmMainJava NO-SOURCE
> Task :core:common:jvmMainClasses UP-TO-DATE
> Task :core:common:jvmJar UP-TO-DATE
> Task :source-api:compileKotlinJvm UP-TO-DATE
> Task :source-api:compileJvmMainJava NO-SOURCE
> Task :source-api:jvmMainClasses UP-TO-DATE
> Task :source-api:jvmJar UP-TO-DATE
> Task :domain:compileKotlinJvm UP-TO-DATE
> Task :domain:compileJvmMainJava NO-SOURCE
> Task :domain:jvmMainClasses UP-TO-DATE
> Task :domain:jvmJar UP-TO-DATE
> Task :data:compileKotlinJvm UP-TO-DATE
> Task :data:compileJvmMainJava NO-SOURCE
> Task :data:jvmMainClasses UP-TO-DATE
> Task :data:jvmJar UP-TO-DATE
> Task :data:compileTestKotlinJvm
> Task :data:compileJvmTestJava NO-SOURCE
> Task :data:jvmTestClasses

> Task :data:jvmTest

JvmSyncBaselineStorageContractTest[jvm] > frozen descriptions survive source deletion and reopen without duplicate imports()[jvm] PASSED

BUILD SUCCESSFUL in 22s
31 actionable tasks: 7 executed, 24 up-to-date
